Note: @next/bundle-analyzer not installed, skipping bundle analysis
  ▲ Next.js 14.2.33
  - Environments: .env.local, .env.production, .env
  - Experiments (use with caution):
    · cpus
    · optimizeCss
    · scrollRestoration

   Creating an optimized production build ...
 ✓ Compiled successfully
   Skipping validation of types
   Skipping linting
   Collecting page data ...
   Generating static pages (0/278) ...
   Generating static pages (69/278) 
   Generating static pages (138/278) 
   Generating static pages (208/278) 
 ✓ Generating static pages (278/278)
